<?xml version="1.0" encoding="UTF-8"?><html xmlns="http://www.w3.org/1999/xhtml">
<head>
    <meta name="protected" content="false"/>
    <meta name="X-TIKA:Parsed-By" content="org.apache.tika.parser.DefaultParser"/>
    <meta name="X-TIKA:Parsed-By" content="org.apache.tika.parser.microsoft.ooxml.OOXMLParser"/>
    <meta name="extended-properties:DocSecurityString" content="None"/>
    <meta name="Content-Length" content="7909"/>
    <meta name="Content-Type-Override" content="application/vnd.openxmlformats-officedocument.spreadsheetml.sheet"/>
    <meta name="Content-Type" content="application/vnd.openxmlformats-officedocument.spreadsheetml.sheet"/>
    <title>&#0;</title>
</head>
<body>
<div>
    <h1>Sheet1</h1>
    <table>
        <tbody>
        <tr>
            <td/>
            <td/>
            <td/>
            <td/>
            <td/>
            <td>390</td>
        </tr>
        <tr>
            <td/>
            <td/>
            <td/>
            <td>Resonance</td>
            <td>6..9</td>
            <td>120</td>
        </tr>
        <tr>
            <td/>
            <td/>
            <td/>
            <td>Initiation</td>
            <td/>
            <td>95</td>
        </tr>
        <tr>
            <td/>
            <td/>
            <td/>
            <td>refund</td>
            <td/>
            <td>-9</td>
        </tr>
        <tr>
            <td/>
            <td/>
            <td/>
            <td>Compiling</td>
            <td>7</td>
            <td>14</td>
        </tr>
        <tr>
            <td/>
            <td/>
            <td/>
            <td>Software</td>
            <td>7</td>
            <td>14</td>
            <td/>
            <td>Tp spend</td>
            <td/>
            <td>74</td>
        </tr>
        <tr>
            <td/>
            <td/>
            <td/>
            <td>Attr 1..3</td>
            <td/>
            <td>25</td>
            <td>Agility </td>
            <td>Attr 1..2</td>
            <td/>
            <td>10</td>
        </tr>
        <tr>
            <td>13</td>
            <td>Skin link</td>
            <td>13</td>
            <td>Attr 1..3</td>
            <td/>
            <td>25</td>
            <td>Reactions </td>
            <td>Complex forms</td>
            <td/>
            <td>46</td>
        </tr>
        <tr>
            <td>16</td>
            <td>FFF</td>
            <td>29</td>
            <td>Attr 1..2</td>
            <td/>
            <td>10</td>
            <td>Str</td>
            <td>Specialisms...</td>
            <td/>
            <td>18</td>
        </tr>
        <tr>
            <td>19</td>
            <td>Will</td>
            <td>48</td>
            <td>Complex forms</td>
            <td/>
            <td>46</td>
        </tr>
        <tr>
            <td>22</td>
            <td>Will</td>
            <td>70</td>
            <td>Specialisms...</td>
            <td/>
            <td>18</td>
        </tr>
        <tr>
            <td>25</td>
            <td>Will</td>
            <td>95</td>
            <td>Technoshaman</td>
            <td/>
            <td>24</td>
        </tr>
        <tr>
            <td>28</td>
            <td/>
            <td>123</td>
            <td>Karma of Sprite</td>
            <td/>
            <td>8</td>
            <td/>
            <td>9</td>
            <td>max 18</td>
        </tr>
        <tr>
            <td>31</td>
            <td/>
            <td/>
            <td/>
            <td/>
            <td/>
            <td/>
            <td/>
            <td>max 16</td>
        </tr>
        <tr>
            <td>So willpower is </td>
            <td>9 or 10</td>
            <td/>
            <td/>
            <td/>
            <td/>
            <td>Lot to be said for sleaze+2...</td>
        </tr>
        <tr>
            <td>Resonance is </td>
            <td>8</td>
            <td/>
            <td/>
            <td/>
            <td>Better on the net</td>
            <td>18 karma for +2 matrix attribute</td>
            <td>So firewall =&gt; 12...</td>
            <td>or sleaze</td>
        </tr>
        <tr>
            <td> </td>
            <td/>
            <td/>
            <td/>
            <td/>
            <td>Fractal punch is 10 karma.</td>
            <td>Data spike or resonance spike -4 die +2 damage</td>
        </tr>
        <tr>
            <td/>
            <td/>
            <td/>
            <td/>
            <td/>
            <td>One with the matrix</td>
            <td>8 karma (will make part of Chargen)</td>
        </tr>
        <tr>
            <td/>
            <td/>
            <td/>
            <td/>
            <td/>
            <td>Sprite affinity (crack)</td>
            <td>14 karma plus one die and plus one task on compile</td>
        </tr>
        <tr>
            <td/>
            <td/>
            <td/>
            <td/>
            <td/>
            <td/>
            <td>not worth it yet</td>
        </tr>
        <tr>
            <td/>
            <td/>
            <td>Registering</td>
            <td/>
            <td/>
            <td>Compiling</td>
        </tr>
        <tr>
            <td>So a level 6 sprite</td>
            <td>I have 8+8+spec</td>
            <td>18</td>
        </tr>
        <tr>
            <td/>
            <td>It has 12</td>
            <td>12</td>
            <td>Worst drain 24</td>
            <td>Probably not&gt;6</td>
            <td>Worst drain 12 </td>
            <td>Probably 6</td>
        </tr>
        <tr>
            <td/>
            <td>I take 2 less drain</td>
            <td/>
            <td>Worst drain 22</td>
            <td>10 drain</td>
            <td>10</td>
            <td>4</td>
        </tr>
        <tr>
            <td/>
            <td>Physical</td>
            <td>10 wnds</td>
        </tr>
        <tr>
            <td/>
            <td>Mental</td>
            <td>13 wnds</td>
        </tr>
        <tr>
            <td/>
            <td>Resist drain</td>
            <td>18</td>
            <td/>
            <td>not bad...</td>
        </tr>
        <tr>
            <td>Awesome!</td>
        </tr>
        <tr>
            <td>Complex forms</td>
            <td>Roll</td>
            <td>15</td>
        </tr>
        <tr>
            <td/>
            <td>Drain...my choice</td>
        </tr>
        <tr>
            <td/>
            <td>IO =&gt;+1 limit</td>
        </tr>
        </tbody>
    </table>
</div>
<div>
    <h1>Sheet2</h1>
    <table>
        <tbody>
        <tr>
            <td/>
            <td/>
            <td>422</td>
            <td/>
            <td/>
            <td/>
            <td/>
            <td>394</td>
        </tr>
        <tr>
            <td>Resonance </td>
            <td>9</td>
            <td>120</td>
            <td/>
            <td/>
            <td>Resonance </td>
            <td>9</td>
            <td>120</td>
        </tr>
        <tr>
            <td>Initiation</td>
            <td>5</td>
            <td>110</td>
            <td/>
            <td/>
            <td>Initiation</td>
            <td>5</td>
            <td>86</td>
        </tr>
        <tr>
            <td>Complex forms</td>
            <td>18</td>
            <td>72</td>
            <td/>
            <td/>
            <td>Complex forms</td>
            <td>19</td>
            <td>76</td>
        </tr>
        <tr>
            <td>Technoshaman</td>
            <td>24</td>
            <td>33</td>
            <td/>
            <td/>
            <td>Technoshaman</td>
            <td>24</td>
            <td>33</td>
        </tr>
        <tr>
            <td>React </td>
            <td>4</td>
            <td>45</td>
            <td/>
            <td/>
            <td>React </td>
            <td>3</td>
            <td>25</td>
        </tr>
        <tr>
            <td>Gnome</td>
            <td/>
            <td>7</td>
        </tr>
        <tr>
            <td>Skills</td>
            <td/>
            <td>35</td>
            <td/>
            <td/>
            <td>Gnome</td>
            <td/>
            <td>7</td>
        </tr>
        <tr>
            <td/>
            <td/>
            <td/>
            <td/>
            <td/>
            <td>Looks human</td>
            <td/>
            <td>12</td>
        </tr>
        <tr>
            <td/>
            <td/>
            <td/>
            <td/>
            <td/>
            <td>Skills</td>
            <td/>
            <td>35</td>
        </tr>
        <tr>
            <td>Hmm initiation 6 (MMI) is exactly oK</td>
        </tr>
        <tr>
            <td>B4 or S4 would be 20...</td>
        </tr>
        <tr>
            <td>Will 7 would be 30</td>
        </tr>
        </tbody>
    </table>
</div>
</body>
</html>