<?xml version="1.0" encoding="UTF-8"?><html xmlns="http://www.w3.org/1999/xhtml">
<head>
    <meta name="X-TIKA:Parsed-By" content="org.apache.tika.parser.DefaultParser"/>
    <meta name="X-TIKA:Parsed-By" content="org.apache.tika.parser.odf.OpenDocumentParser"/>
    <meta name="Content-Length" content="13322"/>
    <meta name="Content-Type-Override" content="application/vnd.oasis.opendocument.spreadsheet"/>
    <meta name="Content-Type" content="application/vnd.oasis.opendocument.spreadsheet"/>
    <title>&#0;</title>
</head>
<body>
<table>
    <tr>
        <td colspan="5"/>
        <td>
            <p>390</p>
        </td>
        <td colspan="1018"/>
    </tr>
    <tr>
        <td colspan="3"/>
        <td>
            <p>Resonance</p>
        </td>
        <td>
            <p>6..9</p>
        </td>
        <td>
            <p>120</p>
        </td>
        <td colspan="1018"/>
    </tr>
    <tr>
        <td colspan="3"/>
        <td>
            <p>Initiation</p>
        </td>
        <td/>
        <td>
            <p>95</p>
        </td>
        <td colspan="1018"/>
    </tr>
    <tr>
        <td colspan="3"/>
        <td>
            <p>refund</p>
        </td>
        <td/>
        <td>
            <p>-9</p>
        </td>
        <td colspan="1018"/>
    </tr>
    <tr>
        <td colspan="3"/>
        <td>
            <p>Compiling</p>
        </td>
        <td>
            <p>7</p>
        </td>
        <td>
            <p>14</p>
        </td>
        <td colspan="1018"/>
    </tr>
    <tr>
        <td colspan="3"/>
        <td>
            <p>Software</p>
        </td>
        <td>
            <p>7</p>
        </td>
        <td>
            <p>14</p>
        </td>
        <td/>
        <td>
            <p>Tp spend</p>
        </td>
        <td/>
        <td>
            <p>74</p>
        </td>
        <td colspan="1014"/>
    </tr>
    <tr>
        <td colspan="3"/>
        <td>
            <p>Attr 1..3</p>
        </td>
        <td/>
        <td>
            <p>25</p>
        </td>
        <td>
            <p>Agility </p>
        </td>
        <td>
            <p>Attr 1..2</p>
        </td>
        <td/>
        <td>
            <p>10</p>
        </td>
        <td colspan="1014"/>
    </tr>
    <tr>
        <td>
            <p>13</p>
        </td>
        <td>
            <p>Skin link</p>
        </td>
        <td>
            <p>13</p>
        </td>
        <td>
            <p>Attr 1..3</p>
        </td>
        <td/>
        <td>
            <p>25</p>
        </td>
        <td>
            <p>Reactions </p>
        </td>
        <td>
            <p>Complex forms</p>
        </td>
        <td/>
        <td>
            <p>46</p>
        </td>
        <td colspan="1014"/>
    </tr>
    <tr>
        <td>
            <p>16</p>
        </td>
        <td>
            <p>FFF</p>
        </td>
        <td>
            <p>29</p>
        </td>
        <td>
            <p>Attr 1..2</p>
        </td>
        <td/>
        <td>
            <p>10</p>
        </td>
        <td>
            <p>Str</p>
        </td>
        <td>
            <p>Specialisms...</p>
        </td>
        <td/>
        <td>
            <p>18</p>
        </td>
        <td colspan="1014"/>
    </tr>
    <tr>
        <td>
            <p>19</p>
        </td>
        <td>
            <p>Will</p>
        </td>
        <td>
            <p>48</p>
        </td>
        <td>
            <p>Complex forms</p>
        </td>
        <td/>
        <td>
            <p>46</p>
        </td>
        <td colspan="1018"/>
    </tr>
    <tr>
        <td>
            <p>22</p>
        </td>
        <td>
            <p>Will</p>
        </td>
        <td>
            <p>70</p>
        </td>
        <td>
            <p>Specialisms...</p>
        </td>
        <td/>
        <td>
            <p>18</p>
        </td>
        <td colspan="1018"/>
    </tr>
    <tr>
        <td>
            <p>25</p>
        </td>
        <td>
            <p>Will</p>
        </td>
        <td>
            <p>95</p>
        </td>
        <td>
            <p>Technoshaman</p>
        </td>
        <td/>
        <td>
            <p>24</p>
        </td>
        <td colspan="1018"/>
    </tr>
    <tr>
        <td>
            <p>28</p>
        </td>
        <td/>
        <td>
            <p>123</p>
        </td>
        <td>
            <p>Karma of Sprite</p>
        </td>
        <td/>
        <td>
            <p>8</p>
        </td>
        <td/>
        <td>
            <p>9</p>
        </td>
        <td>
            <p>max 18</p>
        </td>
        <td colspan="1015"/>
    </tr>
    <tr>
        <td>
            <p>31</p>
        </td>
        <td colspan="7"/>
        <td>
            <p>max 16</p>
        </td>
        <td colspan="1015"/>
    </tr>
    <tr>
        <td colspan="1024"/>
    </tr>
    <tr>
        <td>
            <p>So willpower is </p>
        </td>
        <td>
            <p>9 or 10</p>
        </td>
        <td colspan="4"/>
        <td>
            <p>Lot to be said for sleaze+2...</p>
        </td>
        <td colspan="1017"/>
    </tr>
    <tr>
        <td>
            <p>Resonance is </p>
        </td>
        <td>
            <p>8</p>
        </td>
        <td colspan="3"/>
        <td>
            <p>Better on the net</p>
        </td>
        <td>
            <p>18 karma for +2 matrix attribute</p>
        </td>
        <td>
            <p>So firewall =&gt; 12...</p>
        </td>
        <td>
            <p>or sleaze</p>
        </td>
        <td colspan="1015"/>
    </tr>
    <tr>
        <td>
            <p> </p>
        </td>
        <td colspan="4"/>
        <td>
            <p>Fractal punch is 10 karma.</p>
        </td>
        <td>
            <p>Data spike or resonance spike -4 die +2 damage</p>
        </td>
        <td colspan="1017"/>
    </tr>
    <tr>
        <td colspan="5"/>
        <td>
            <p>One with the matrix</p>
        </td>
        <td>
            <p>8 karma (will make part of Chargen)</p>
        </td>
        <td colspan="1017"/>
    </tr>
    <tr>
        <td colspan="5"/>
        <td>
            <p>Sprite affinity (crack)</p>
        </td>
        <td>
            <p>14 karma plus one die and plus one task on compile</p>
        </td>
        <td colspan="1017"/>
    </tr>
    <tr>
        <td colspan="6"/>
        <td>
            <p>not worth it yet</p>
        </td>
        <td colspan="1017"/>
    </tr>
    <tr>
        <td colspan="2"/>
        <td>
            <p>Registering</p>
        </td>
        <td colspan="2"/>
        <td>
            <p>Compiling</p>
        </td>
        <td colspan="1018"/>
    </tr>
    <tr>
        <td>
            <p>So a level 6 sprite</p>
        </td>
        <td>
            <p>I have 8+8+spec</p>
        </td>
        <td>
            <p>18</p>
        </td>
        <td colspan="1021"/>
    </tr>
    <tr>
        <td/>
        <td>
            <p>It has 12</p>
        </td>
        <td>
            <p>12</p>
        </td>
        <td>
            <p>Worst drain 24</p>
        </td>
        <td>
            <p>Probably not&gt;6</p>
        </td>
        <td>
            <p>Worst drain 12 </p>
        </td>
        <td>
            <p>Probably 6</p>
        </td>
        <td colspan="1017"/>
    </tr>
    <tr>
        <td/>
        <td>
            <p>I take 2 less drain</p>
        </td>
        <td/>
        <td>
            <p>Worst drain 22</p>
        </td>
        <td>
            <p>10 drain</p>
        </td>
        <td>
            <p>10</p>
        </td>
        <td>
            <p>4</p>
        </td>
        <td colspan="1017"/>
    </tr>
    <tr>
        <td colspan="1024"/>
    </tr>
    <tr>
        <td/>
        <td>
            <p>Physical</p>
        </td>
        <td>
            <p>10 wnds</p>
        </td>
        <td colspan="1021"/>
    </tr>
    <tr>
        <td/>
        <td>
            <p>Mental</p>
        </td>
        <td>
            <p>13 wnds</p>
        </td>
        <td colspan="1021"/>
    </tr>
    <tr>
        <td colspan="1024"/>
    </tr>
    <tr>
        <td/>
        <td>
            <p>Resist drain</p>
        </td>
        <td>
            <p>18</p>
        </td>
        <td/>
        <td>
            <p>not bad...</p>
        </td>
        <td colspan="1019"/>
    </tr>
    <tr>
        <td colspan="1024"/>
    </tr>
    <tr>
        <td>
            <p>Awesome!</p>
        </td>
        <td colspan="1023"/>
    </tr>
    <tr>
        <td colspan="1024"/>
    </tr>
    <tr>
        <td>
            <p>Complex forms</p>
        </td>
        <td>
            <p>Roll</p>
        </td>
        <td>
            <p>15</p>
        </td>
        <td colspan="1021"/>
    </tr>
    <tr>
        <td/>
        <td>
            <p>Drain...my choice</p>
        </td>
        <td colspan="1022"/>
    </tr>
    <tr>
        <td/>
        <td>
            <p>IO =&gt;+1 limit</p>
        </td>
        <td colspan="1022"/>
    </tr>
    <tr>
        <td colspan="1024"/>
    </tr>
    <tr>
        <td colspan="1024"/>
    </tr>
</table>
<table>
    <tr>
        <td colspan="2"/>
        <td>
            <p>422</p>
        </td>
        <td colspan="2"/>
        <td colspan="2"/>
        <td>
            <p>394</p>
        </td>
        <td colspan="1016"/>
    </tr>
    <tr>
        <td>
            <p>Resonance </p>
        </td>
        <td>
            <p>9</p>
        </td>
        <td>
            <p>120</p>
        </td>
        <td colspan="2"/>
        <td>
            <p>Resonance </p>
        </td>
        <td>
            <p>9</p>
        </td>
        <td>
            <p>120</p>
        </td>
        <td colspan="1016"/>
    </tr>
    <tr>
        <td>
            <p>Initiation</p>
        </td>
        <td>
            <p>5</p>
        </td>
        <td>
            <p>110</p>
        </td>
        <td colspan="2"/>
        <td>
            <p>Initiation</p>
        </td>
        <td>
            <p>5</p>
        </td>
        <td>
            <p>86</p>
        </td>
        <td colspan="1016"/>
    </tr>
    <tr>
        <td>
            <p>Complex forms</p>
        </td>
        <td>
            <p>18</p>
        </td>
        <td>
            <p>72</p>
        </td>
        <td colspan="2"/>
        <td>
            <p>Complex forms</p>
        </td>
        <td>
            <p>19</p>
        </td>
        <td>
            <p>76</p>
        </td>
        <td colspan="1016"/>
    </tr>
    <tr>
        <td>
            <p>Technoshaman</p>
        </td>
        <td>
            <p>24</p>
        </td>
        <td>
            <p>33</p>
        </td>
        <td colspan="2"/>
        <td>
            <p>Technoshaman</p>
        </td>
        <td>
            <p>24</p>
        </td>
        <td>
            <p>33</p>
        </td>
        <td colspan="1016"/>
    </tr>
    <tr>
        <td>
            <p>React </p>
        </td>
        <td>
            <p>4</p>
        </td>
        <td>
            <p>45</p>
        </td>
        <td colspan="2"/>
        <td>
            <p>React </p>
        </td>
        <td>
            <p>3</p>
        </td>
        <td>
            <p>25</p>
        </td>
        <td colspan="1016"/>
    </tr>
    <tr>
        <td>
            <p>Gnome</p>
        </td>
        <td/>
        <td>
            <p>7</p>
        </td>
        <td colspan="1021"/>
    </tr>
    <tr>
        <td>
            <p>Skills</p>
        </td>
        <td/>
        <td>
            <p>35</p>
        </td>
        <td colspan="2"/>
        <td>
            <p>Gnome</p>
        </td>
        <td/>
        <td>
            <p>7</p>
        </td>
        <td colspan="1016"/>
    </tr>
    <tr>
        <td colspan="5"/>
        <td>
            <p>Looks human</p>
        </td>
        <td/>
        <td>
            <p>12</p>
        </td>
        <td colspan="1016"/>
    </tr>
    <tr>
        <td colspan="5"/>
        <td>
            <p>Skills</p>
        </td>
        <td/>
        <td>
            <p>35</p>
        </td>
        <td colspan="1016"/>
    </tr>
    <tr>
        <td>
            <p>Hmm initiation 6 (MMI) is exactly oK</p>
        </td>
        <td colspan="1023"/>
    </tr>
    <tr>
        <td>
            <p>B4 or S4 would be 20...</p>
        </td>
        <td colspan="1023"/>
    </tr>
    <tr>
        <td>
            <p>Will 7 would be 30</p>
        </td>
        <td colspan="1023"/>
    </tr>
    <tr>
        <td colspan="1024"/>
    </tr>
    <tr>
        <td colspan="1024"/>
    </tr>
</table>
<p>???</p>
<p>Page </p>
<p>??? (???)</p>
<p>00/00/0000, 00:00:00</p>
<p>Page  / </p>
</body>
</html>